

  Transfer Functions E2E Tests -with ethers v6 and token registry v5
Funding 7 v6 wallets...
Funding wallet 1/7 with funder 0 nonce 6...
✓ Successfully funded 0x025709a573E3ca0A51e2E83c02Db8E18Ad811d8a
Funding wallet 2/7 with funder 1 nonce 4...
✓ Successfully funded 0x41E0433CaED2252F49Eb51fCaACc593AD7CC1DB9
Funding wallet 3/7 with funder 2 nonce 4...
✓ Successfully funded 0x6B1502f4Ce2122b4bB0103Fa7CD93f2a8edED633
Funding wallet 4/7 with funder 0 nonce 7...
✓ Successfully funded 0xb58ED619e3F233da6477839709652a1b4f64A70b
Funding wallet 5/7 with funder 1 nonce 5...
✓ Successfully funded 0x317099217D072711aA644e20BfA5b917f9F00872
Funding wallet 6/7 with funder 2 nonce 5...
✓ Successfully funded 0xCeA921a76988B44db2670dc607f5d6A72211e32A
Funding wallet 7/7 with funder 0 nonce 8...
✓ Successfully funded 0x77831397028efaF775bB5469c5FCD7bfC8A79850
=== End Signer Demonstration ===

Starting deployment of mock contracts for E2E testing...
Owner: 0x025709a573E3ca0A51e2E83c02Db8E18Ad811d8a
Holder1: 0x41E0433CaED2252F49Eb51fCaACc593AD7CC1DB9
Beneficiary1: 0x6B1502f4Ce2122b4bB0103Fa7CD93f2a8edED633
Holder2: 0xb58ED619e3F233da6477839709652a1b4f64A70b
Beneficiary2: 0x317099217D072711aA644e20BfA5b917f9F00872
Deploying TitleEscrowFactory...
TitleEscrowFactory deployed to: 0x5231D86A95a71A9F0b187Cea94AA7a0C7AF66544
Deploying TradeTrustToken...
    1) "before all" hook in "Transfer Functions E2E Tests -with ethers v6 and token registry v5"


  0 passing (2s)
  1 failing

  1) Transfer Functions E2E Tests -with ethers v6 and token registry v5
       "before all" hook in "Transfer Functions E2E Tests -with ethers v6 and token registry v5":
     Error: nonce has already been used (transaction="0x02f94d4382053980843b9aca0084419db1668338c1eb8080b94ce860c06040523480156200001157600080fd5b5060405162004c0838038062004c08833981810160405281019062000037919062000929565b4360a081815250508073ffffffffffffffffffffffffffffffffffffffff1660808173ffffffffffffffffffffffffffffffffffffffff1681525050620000958383620000896200009e60201b60201c565b620000a660201b60201c565b50505062000d69565b600033905090565b6000620000b86200025160201b60201c565b905060008160000160089054906101000a900460ff1615905060008260000160009054906101000a900467ffffffffffffffff1690506000808267ffffffffffffffff16148015620001075750825b9050600060018367ffffffffffffffff161480156200013d575060003073ffffffffffffffffffffffffffffffffffffffff163b145b9050811580156200014c575080155b1562000184576040517ff92ee8a900000000000000000000000000000000000000000000000000000000815260040160405180910390fd5b60018560000160006101000a81548167ffffffffffffffff021916908367ffffffffffffffff1602179055508315620001d55760018560000160086101000a81548160ff0219169083151502179055505b620001e88888886200027960201b60201c565b8315620002475760008560000160086101000a81548160ff0219169083151502179055507fc7f505b2f371ae2175ee4913f4499e1f2633a7b5936321eed1cdaeb6115181d260016040516200023e919062000a24565b60405180910390a15b5050505050505050565b60007ff0c57e16840df040f15088dc2f81fe391c3923bec73e23a9662efc9c229c6a00905090565b62000289620002b160201b60201c565b6200029b8383620002fa60201b60201c565b620002ac816200033060201b60201c565b505050565b620002c16200045960201b60201c565b620002f8576040517fd7e6bcf800000000000000000000000000000000000000000000000000000000815260040160405180910390fd5b565b6200030a620002b160201b60201c565b6200031c82826200048160201b60201c565b6200032c620004a760201b60201c565b5050565b62000340620002b160201b60201c565b600073ffffffffffffffffffffffffffffffffffffffff168173ffffffffffffffffffffffffffffffffffffffff1603620003a7576040517f05bb467c00000000000000000000000000000000000000000000000000000000815260040160405180910390fd5b620003bc6000801b82620004c960201b60201c565b50620003ef7f9f2df0fed2c77648de5860a4cc508cd0818c85b8b8a1ab4ceeef8d981c8956a682620004c960201b60201c565b50620004227f4aca127bf16f434830a404b92851a3555910944351935eae88740d1cef5ffaad82620004c960201b60201c565b50620004557fe5fe4715ff8709ff44f5e6bb664620f9349f5f6ae81a532eba2a43b9598ba7eb82620004c960201b60201c565b5050565b60006200046b6200025160201b60201c565b60000160089054906101000a900460ff16905090565b62000491620002b160201b60201c565b620004a38282620005e460201b60201c565b5050565b620004b7620002b160201b60201c565b620004c76200061c60201b60201c565b565b600080620004dc6200066060201b60201c565b9050620004f084846200068860201b60201c565b620005d857600181600001600086815260200190815260200160002060000160008573ffffffffffffffffffffffffffffffffffffffff1673ffffffffffffffffffffffffffffffffffffffff16815260200190815260200160002060006101000a81548160ff021916908315150217905550620005736200009e60201b60201c565b73ffffffffffffffffffffffffffffffffffffffff168373ffffffffffffffffffffffffffffffffffffffff16857f2f8788117e7eff1d82e926ec794901d17c78024a50270940304540a733656f0d60405160405180910390a46001915050620005de565b60009150505b92915050565b620005f4620002b160201b60201c565b816000908162000605919062000c82565b50806001908162000617919062000c82565b505050565b6200062c620002b160201b60201c565b60006200063e6200070960201b60201c565b905060008160000160006101000a81548160ff02191690831515021790555050565b60007f02dd7bc7dec4dceedda775e58dd541e08a116c6c53815c0bd028192f7b626800905090565b6000806200069b6200066060201b60201c565b905080600001600085815260200190815260200160002060000160008473ffffffffffffffffffffffffffffffffffffffff1673ffffffffffffffffffffffffffffffffffffffff16815260200190815260200160002060009054906101000a900460ff1691505092915050565b60007fcd5ed15c6e187e77e9aee88184c21f4f2182ab5827cb3b7e07fbedcd63f03300905090565b6000604051905090565b600080fd5b600080fd5b600080fd5b600080fd5b6000601f19601f8301169050919050565b7f4e487b7100000000000000000000000000000000000000000000000000000000600052604160045260246000fd5b6200079a826200074f565b810181811067ffffffffffffffff82111715620007bc57620007bb62000760565b5b80604052505050565b6000620007d162000731565b9050620007df82826200078f565b919050565b600067ffffffffffffffff82111562000802576200080162000760565b5b6200080d826200074f565b9050602081019050919050565b60005b838110156200083a5780820151818401526020810190506200081d565b60008484015250505050565b60006200085d6200085784620007e4565b620007c5565b9050828152602081018484840111156200087c576200087b6200074a565b5b620008898482856200081a565b509392505050565b600082601f830112620008a957620008a862000745565b5b8151620008bb84826020860162000846565b91505092915050565b600073ffffffffffffffffffffffffffffffffffffffff82169050919050565b6000620008f182620008c4565b9050919050565b6200090381620008e4565b81146200090f57600080fd5b50565b6000815190506200092381620008f8565b92915050565b6000806000606084860312156200094557620009446200073b565b5b600084015167ffffffffffffffff81111562000966576200096562000740565b5b620009748682870162000891565b935050602084015167ffffffffffffffff81111562000998576200099762000740565b5b620009a68682870162000891565b9250506040620009b98682870162000912565b9150509250925092565b6000819050919050565b600067ffffffffffffffff82169050919050565b6000819050919050565b600062000a0c62000a0662000a0084620009c3565b620009e1565b620009cd565b9050919050565b62000a1e81620009eb565b82525050565b600060208201905062000a3b600083018462000a13565b92915050565b600081519050919050565b7f4e487b7100000000000000000000000000000000000000000000000000000000600052602260045260246000fd5b6000600282049050600182168062000a9457607f821691505b60208210810362000aaa5762000aa962000a4c565b5b50919050565b60008190508160005260206000209050919050565b60006020601f8301049050919050565b600082821b905092915050565b60006008830262000b147fffffffffffffffffffffffffffffffffffffffffffffffffffffffffffffffff8262000ad5565b62000b20868362000ad5565b95508019841693508086168417925050509392505050565b6000819050919050565b600062000b6362000b5d62000b578462000b38565b620009e1565b62000b38565b9050919050565b6000819050919050565b62000b7f8362000b42565b62000b9762000b8e8262000b6a565b84845462000ae2565b825550505050565b600090565b62000bae62000b9f565b62000bbb81848462000b74565b505050565b5b8181101562000be35762000bd760008262000ba4565b60018101905062000bc1565b5050565b601f82111562000c325762000bfc8162000ab0565b62000c078462000ac5565b8101602085101562000c17578190505b62000c2f62000c268562000ac5565b83018262000bc0565b50505b505050565b600082821c905092915050565b600062000c576000198460080262000c37565b1980831691505092915050565b600062000c72838362000c44565b9150826002028217905092915050565b62000c8d8262000a41565b67ffffffffffffffff81111562000ca95762000ca862000760565b5b62000cb5825462000a7b565b62000cc282828562000be7565b600060209050601f83116001811462000cfa576000841562000ce5578287015190505b62000cf1858262000c64565b86555062000d61565b601f19841662000d0a8662000ab0565b60005b8281101562000d345784890151825560018201915060208501945060208101905062000d0d565b8683101562000d54578489015162000d50601f89168262000c44565b8355505b6001600288020188555050505b505050505050565b60805160a051613e7962000d8f6000396000610e3d015260006107de0152613e796000f3fe608060405234801561001057600080fd5b50600436106101c45760003560e01c80636352211e116100f9578063a7f0b3de11610097578063d539139311610071578063d53913931461052f578063d547741f1461054d578063e2339ea314610569578063fe9d930314610585576101c4565b8063a7f0b3de146104c5578063ab67aa58146104e3578063c87b56dd146104ff576101c4565b806391d14854116100d357806391d148541461043b57806395d89b411461046b578063a217fddf14610489578063a47d1f5e146104a7576101c4565b80636352211e146103bd57806370a08231146103ed5780637fb2977d1461041d576101c4565b80632f2ff15d1161016657806355f804b31161014057806355f804b3146103235780635c975abb1461033f5780635e089da71461035d5780636010a5e71461038d576101c4565b80632f2ff15d146102cd578063325689f9146102e957806336568abe14610307576101c4565b806314e30d20116101a257806314e30d2014610235578063150b7a02146102515780631e4e009114610281578063248a9ca31461029d576101c4565b806301ffc9a7146101c957806306fdde03146101f957806311d4d7b514610217575b600080fd5b6101e360048036038101906101de9190612910565b6105a1565b6040516101f09190612958565b60405180910390f35b6102016105fb565b60405161020e9190612a03565b60405180910390f35b61021f61068d565b60405161022c9190612a3e565b60405180910390f35b61024f600480360381019061024a9190612abe565b6106b1565b005b61026b60048036038101906102669190612ccf565b61075a565b6040516102789190612d61565b60405180910390f35b61029b60048036038101906102969190612da8565b61076e565b005b6102b760048036038101906102b29190612de8565b61078a565b6040516102c49190612a3e565b60405180910390f35b6102e760048036038101906102e29190612e15565b6107b8565b005b6102f16107da565b6040516102fe9190612eb4565b60405180910390f35b610321600480360381019061031c9190612e15565b610802565b005b61033d60048036038101906103389190612f70565b61087d565b005b610347610897565b6040516103549190612958565b60405180910390f35b61037760048036038101906103729190612fb9565b6108bc565b6040516103849190613028565b60405180910390f35b6103a760048036038101906103a29190613043565b610ac0565b6040516103b49190613028565b60405180910390f35b6103d760048036038101906103d291906130cb565b610b0d565b6040516103e49190613028565b60405180910390f35b610407600480360381019061040291906130f8565b610bbe565b6040516104149190613134565b60405180910390f35b610425610c75565b6040516104329190612a3e565b60405180910390f35b61045560048036038101906104509190612e15565b610c99565b6040516104629190612958565b60405180910390f35b610473610d12565b6040516104809190612a03565b60405180910390f35b610491610da4565b60405161049e9190612a3e565b60405180910390f35b6104af610dab565b6040516104bc91906131a4565b60405180910390f35b6104cd610e39565b6040516104da9190613134565b60405180910390f35b6104fd60048036038101906104f89190612ccf565b610e61565b005b610519600480360381019061051491906130cb565b610ec3565b6040516105269190612a03565b60405180910390f35b610537610f6a565b6040516105449190612a3e565b60405180910390f35b61056760048036038101906105629190612e15565b610f8e565b005b610583600480360381019061057e9190612abe565b610fb0565b005b61059f600480360381019061059a9190612fb9565b611059565b005b6000807bffffffffffffffffffffffffffffffffffffffffffffffffffffffff1916827bffffffffffffffffffffffffffffffffffffffffffffffffffffffff191614806105f457506105f3826110de565b5b9050919050565b60606000805461060a906131f5565b80601f0160208091040260200160405190810160405280929190818152602001828054610636906131f5565b80156106835780601f1061065857610100808354040283529160200191610683565b820191906000526020600020905b81548152906001019060200180831161066657829003601f168201915b5050505050905090565b7f4aca127bf16f434830a404b92851a3555910944351935eae88740d1cef5ffaad81565b6000801b6106be81611158565b828260788282905011156106fe576040517f1408658400000000000000000000000000000000000000000000000000000000815260040160405180910390fd5b61070661116c565b8484600291826107179291906133d3565b507f2dfab123508590223226491c2b89d1862427468e1b0c1cd660e5622e63eaf3eb33868660405161074b939291906134d0565b60405180910390a15050505050565b600063150b7a0260e01b9050949350505050565b6000801b61077b81611158565b61078583836111de565b505050565b600080610795611249565b905080600001600084815260200190815260200160002060010154915050919050565b6107c18261078a565b6107ca81611158565b6107d48383611271565b50505050565b60007f0000000000000000000000000000000000000000000000000000000000000000905090565b61080a611372565b73ffffffffffffffffffffffffffffffffffffffff168173ffffffffffffffffffffffffffffffffffffffff161461086e576040517f6697b23200000000000000000000000000000000000000000000000000000000815260040160405180910390fd5b610878828261137a565b505050565b6000801b61088a81611158565b6108938261147c565b5050565b6000806108a261148f565b90508060000160009054906101000a900460ff1691505090565b60006108c66114b7565b7f4aca127bf16f434830a404b92851a3555910944351935eae88740d1cef5ffaad6108f081611158565b83836078828290501115610930576040517f1408658400000000000000000000000000000000000000000000000000000000815260040160405180910390fd5b610939876114f8565b61096f576040517f3f6cc76800000000000000000000000000000000000000000000000000000000815260040160405180910390fd5b3073ffffffffffffffffffffffffffffffffffffffff1661098f88610b0d565b73ffffffffffffffffffffffffffffffffffffffff16146109dc576040517fd5475a0b00000000000000000000000000000000000000000000000000000000815260040160405180910390fd5b60006109e66107da565b73ffffffffffffffffffffffffffffffffffffffff1663dc48b34f308a6040518363ffffffff1660e01b8152600401610a20929190613502565b602060405180830381865afa158015610a3d573d6000803e3d6000fd5b505050506040513d601f19601f82011682018060405250810190610a619190613540565b9050610ab2818989898080601f016020809104026020016040519081016040528093929190818152602001838380828437600081840152601f19601f82011690508083019250505050505050611564565b809450505050509392505050565b6000610aca6114b7565b7f9f2df0fed2c77648de5860a4cc508cd0818c85b8b8a1ab4ceeef8d981c8956a6610af481611158565b610b0187878787876115da565b91505095945050505050565b6000806003600084815260200190815260200160002060009054906101000a900473ffffffffffffffffffffffffffffffffffffffff169050600073ffffffffffffffffffffffffffffffffffffffff168173ffffffffffffffffffffffffffffffffffffffff1603610bb5576040517f08c379a0000000000000000000000000000000000000000000000000000000008152600401610bac906135df565b60405180910390fd5b80915050919050565b60008073ffffffffffffffffffffffffffffffffffffffff168273ffffffffffffffffffffffffffffffffffffffff1603610c2e576040517f08c379a0000000000000000000000000000000000000000000000000000000008152600401610c2590613671565b60405180910390fd5b600460008373ffffffffffffffffffffffffffffffffffffffff1673ffffffffffffffffffffffffffffffffffffffff168152602001908152602001600020549050919050565b7fe5fe4715ff8709ff44f5e6bb664620f9349f5f6ae81a532eba2a43b9598ba7eb81565b600080610ca4611249565b905080600001600085815260200190815260200160002060000160008473ffffffffffffffffffffffffffffffffffffffff1673ffffffffffffffffffffffffffffffffffffffff16815260200190815260200160002060009054906101000a900460ff1691505092915050565b606060018054610d21906131f5565b80601f0160208091040260200160405190810160405280929190818152602001828054610d4d906131f5565b8015610d9a5780601f10610d6f57610100808354040283529160200191610d9a565b820191906000526020600020905b815481529060010190602001808311610d7d57829003601f168201915b5050505050905090565b6000801b81565b60028054610db8906131f5565b80601f0160208091040260200160405190810160405280929190818152602001828054610de4906131f5565b8015610e315780601f10610e0657610100808354040283529160200191610e31565b820191906000526020600020905b815481529060010190602001808311610e1457829003601f168201915b505050505081565b60007f0000000000000000000000000000000000000000000000000000000000000000905090565b610e72610e6c611372565b83611722565b610eb1576040517f08c379a0000000000000000000000000000000000000000000000000000000008152600401610ea890613703565b60405180910390fd5b610ebd848484846117b1565b50505050565b6060610ece826114f8565b610f0d576040517f08c379a0000000000000000000000000000000000000000000000000000000008152600401610f0490613795565b60405180910390fd5b6000610f1761180d565b90506000815111610f375760405180602001604052806000815250610f62565b80610f418461181c565b604051602001610f529291906137f1565b6040516020818303038152906040525b915050919050565b7f9f2df0fed2c77648de5860a4cc508cd0818c85b8b8a1ab4ceeef8d981c8956a681565b610f978261078a565b610fa081611158565b610faa838361137a565b50505050565b6000801b610fbd81611158565b82826078828290501115610ffd576040517f1408658400000000000000000000000000000000000000000000000000000000815260040160405180910390fd5b6110056118ea565b8484600291826110169291906133d3565b507f861794963cbbb129f46f21f0076eb396185f0dcecba7890e911f3d6508d8d45f33868660405161104a939291906134d0565b60405180910390a15050505050565b6110616114b7565b7fe5fe4715ff8709ff44f5e6bb664620f9349f5f6ae81a532eba2a43b9598ba7eb61108b81611158565b828260788282905011156110cb576040517f1408658400000000000000000000000000000000000000000000000000000000815260040160405180910390fd5b6110d686868661195c565b505050505050565b60007f5e089da7000000000000000000000000000000000000000000000000000000007bffffffffffffffffffffffffffffffffffffffffffffffffffffffff1916827bffffffffffffffffffffffffffffffffffffffffffffffffffffffff19161480611151575061115082611a72565b5b9050919050565b61116981611164611372565b611aec565b50565b611174611b3d565b600061117e61148f565b905060008160000160006101000a81548160ff0219169083151502179055507f5db9ee0a495bf2e6ff9c91a7834c1ba4fdd244a5e8aa4e537bd38aeae4b073aa6111c6611372565b6040516111d39190613028565b60405180910390a150565b60006111e8611249565b905060006111f58461078a565b905082826000016000868152602001908152602001600020600101819055508281857fbd79b86ffe0ab8e8776151514217cd7cacd52c909f66475c3af44e129f0b00ff60405160405180910390a450505050565b60007f02dd7bc7dec4dceedda775e58dd541e08a116c6c53815c0bd028192f7b626800905090565b60008061127c611249565b90506112888484610c99565b61136657600181600001600086815260200190815260200160002060000160008573ffffffffffffffffffffffffffffffffffffffff1673ffffffffffffffffffffffffffffffffffffffff16815260200190815260200160002060006101000a81548160ff021916908315150217905550611302611372565b73ffffffffffffffffffffffffffffffffffffffff168373ffffffffffffffffffffffffffffffffffffffff16857f2f8788117e7eff1d82e926ec794901d17c78024a50270940304540a733656f0d60405160405180910390a4600191505061136c565b60009150505b92915050565b600033905090565b600080611385611249565b90506113918484610c99565b1561147057600081600001600086815260200190815260200160002060000160008573ffffffffffffffffffffffffffffffffffffffff1673ffffffffffffffffffffffffffffffffffffffff16815260200190815260200160002060006101000a81548160ff02191690831515021790555061140c611372565b73ffffffffffffffffffffffffffffffffffffffff168373ffffffffffffffffffffffffffffffffffffffff16857ff6391f5c32d9c69d2a47ea670b442974b53935d1edc7fd64eb21e047a839171b60405160405180910390a46001915050611476565b60009150505b92915050565b806033908161148b9190613870565b5050565b60007fcd5ed15c6e187e77e9aee88184c21f4f2182ab5827cb3b7e07fbedcd63f03300905090565b6114bf610897565b156114f6576040517fd93c066500000000000000000000000000000000000000000000000000000000815260040160405180910390fd5b565b60008073ffffffffffffffffffffffffffffffffffffffff166003600084815260200190815260200160002060009054906101000a900473ffffffffffffffffffffffffffffffffffffffff1673ffffffffffffffffffffffffffffffffffffffff1614159050919050565b3073ffffffffffffffffffffffffffffffffffffffff1663ab67aa58308585856040518563ffffffff1660e01b81526004016115a39493929190613942565b600060405180830381600087803b1580156115bd57600080fd5b505af11580156115d1573d6000803e3d6000fd5b50505050505050565b60008282607882829050111561161c576040517f1408658400000000000000000000000000000000000000000000000000000000815260040160405180910390fd5b611625866114f8565b1561165c576040517f55c7e8ba00000000000000000000000000000000000000000000000000000000815260040160405180910390fd5b60006116666107da565b73ffffffffffffffffffffffffffffffffffffffff1663780900dc886040518263ffffffff1660e01b815260040161169e9190613134565b6020604051808303816000875af11580156116bd573d6000803e3d6000fd5b505050506040513d601f19601f820116820180604052508101906116e19190613540565b905061171381888b8b8a8a6040516020016116ff949392919061398e565b604051602081830303815290604052611b7d565b80935050505095945050505050565b600061172d826114f8565b61176c576040517f08c379a000000000000000000000000000000000000000000000000000000000815260040161176390613a40565b60405180910390fd5b600061177783610b0d565b90508073ffffffffffffffffffffffffffffffffffffffff168473ffffffffffffffffffffffffffffffffffffffff161491505092915050565b6117bc848484611bd8565b6117c884848484611e33565b611807576040517f08c379a00000000000000000000000000000000000000000000000000000000081526004016117fe90613ad2565b60405180910390fd5b50505050565b6060611817611fb5565b905090565b60606000600161182b84612047565b01905060008167ffffffffffffffff81111561184a57611849612ba4565b5b6040519080825280601f01601f19166020018201604052801561187c5781602001600182028036833780820191505090505b509050600082602001820190505b6001156118df578080600190039150507f3031323334353637383961626364656600000000000000000000000000000000600a86061a8153600a85816118d3576118d2613af2565b5b0494506000850361188a575b819350505050919050565b6118f26114b7565b60006118fc61148f565b905060018160000160006101000a81548160ff0219169083151502179055507f62e78cea01bee320cd4e420270b5ea74000d11b0c9f74754ebdbfc544b05a258611944611372565b6040516119519190613028565b60405180910390a150565b60006119666107da565b73ffffffffffffffffffffffffffffffffffffffff1663dc48b34f30866040518363ffffffff1660e01b81526004016119a0929190613502565b602060405180830381865afa1580156119bd573d6000803e3d6000fd5b505050506040513d601f19601f820116820180604052508101906119e19190613540565b90508073ffffffffffffffffffffffffffffffffffffffff16638fb33c3c84846040518363ffffffff1660e01b8152600401611a1e929190613b21565b600060405180830381600087803b158015611a3857600080fd5b505af1158015611a4c573d6000803e3d6000fd5b50505050611a6c61dead8560405180602001604052806000815250611564565b50505050565b60007f6010a5e7000000000000000000000000000000000000000000000000000000007bffffffffffffffffffffffffffffffffffffffffffffffffffffffff1916827bffffffffffffffffffffffffffffffffffffffffffffffffffffffff19161480611ae55750611ae48261219a565b5b9050919050565b611af68282610c99565b611b395780826040517fe2517d3f000000000000000000000000000000000000000000000000000000008152600401611b30929190613b45565b60405180910390fd5b5050565b611b45610897565b611b7b576040517f8dfc202b00000000000000000000000000000000000000000000000000000000815260040160405180910390fd5b565b611b878383612214565b611b946000848484611e33565b611bd3576040517f08c379a0000000000000000000000000000000000000000000000000000000008152600401611bca90613ad2565b60405180910390fd5b505050565b8273ffffffffffffffffffffffffffffffffffffffff16611bf882610b0d565b73ffffffffffffffffffffffffffffffffffffffff1614611c4e576040517f08c379a0000000000000000000000000000000000000000000000000000000008152600401611c4590613be0565b60405180910390fd5b600073ffffffffffffffffffffffffffffffffffffffff168273ffffffffffffffffffffffffffffffffffffffff1603611cbd576040517f08c379a0000000000000000000000000000000000000000000000000000000008152600401611cb490613c72565b60405180910390fd5b611cc88383836123ed565b6001600460008573ffffffffffffffffffffffffffffffffffffffff1673ffffffffffffffffffffffffffffffffffffffff1681526020019081526020016000206000828254611d189190613cc1565b925050819055506001600460008473ffffffffffffffffffffffffffffffffffffffff1673ffffffffffffffffffffffffffffffffffffffff1681526020019081526020016000206000828254611d6f9190613cf5565b92505081905550816003600083815260200190815260200160002060006101000a81548173ffffffffffffffffffffffffffffffffffffffff021916908373ffffffffffffffffffffffffffffffffffffffff160217905550808273ffffffffffffffffffffffffffffffffffffffff168473ffffffffffffffffffffffffffffffffffffffff167fddf252ad1be2c89b69c2b068fc378daa952ba7f163c4a11628f55a4df523b3ef60405160405180910390a4611e2e838383612566565b505050565b6000808473ffffffffffffffffffffffffffffffffffffffff163b1115611fa8578373ffffffffffffffffffffffffffffffffffffffff1663150b7a02611e78611372565b8786866040518563ffffffff1660e01b8152600401611e9a9493929190613942565b6020604051808303816000875af1925050508015611ed657506040513d601f19601f82011682018060405250810190611ed39190613d3e565b60015b611f58573d8060008114611f06576040519150601f19603f3d011682016040523d82523d6000602084013e611f0b565b606091505b506000815103611f50576040517f08c379a0000000000000000000000000000000000000000000000000000000008152600401611f4790613ad2565b60405180910390fd5b805181602001fd5b63150b7a0260e01b7bffffffffffffffffffffffffffffffffffffffffffffffffffffffff1916817bffffffffffffffffffffffffffffffffffffffffffffffffffffffff191614915050611fad565b600190505b949350505050565b606060338054611fc4906131f5565b80601f0160208091040260200160405190810160405280929190818152602001828054611ff0906131f5565b801561203d5780601f106120125761010080835404028352916020019161203d565b820191906000526020600020905b81548152906001019060200180831161202057829003601f168201915b5050505050905090565b600080600090507a184f03e93ff9f4daa797ed6e38ed64bf6a1f01000000000000000083106120a5577a184f03e93ff9f4daa797ed6e38ed64bf6a1f010000000000000000838161209b5761209a613af2565b5b0492506040810190505b6d04ee2d6d415b85acef810000000083106120e2576d04ee2d6d415b85acef810000000083816120d8576120d7613af2565b5b0492506020810190505b662386f26fc10000831061211157662386f26fc10000838161210757612106613af2565b5b0492506010810190505b6305f5e100831061213a576305f5e10083816121305761212f613af2565b5b0492506008810190505b612710831061215f57612710838161215557612154613af2565b5b0492506004810190505b60648310612182576064838161217857612177613af2565b5b0492506002810190505b600a8310612191576001810190505b80915050919050565b60007ffe9d9303000000000000000000000000000000000000000000000000000000007bffffffffffffffffffffffffffffffffffffffffffffffffffffffff1916827bffffffffffffffffffffffffffffffffffffffffffffffffffffffff1916148061220d575061220c8261256b565b5b9050919050565b600073ffffffffffffffffffffffffffffffffffffffff168273ffffffffffffffffffffffffffffffffffffffff1603612283576040517f08c379a000000000000000000000000000000000000000000000000000000000815260040161227a90613db7565b60405180910390fd5b61228c816114f8565b156122cc576040517f08c379a00000000000000000000000000000000000000000000000000000000081526004016122c390613e23565b60405180910390fd5b6122d8600083836123ed565b6001600460008473ffffffffffffffffffffffffffffffffffffffff1673ffffffffffffffffffffffffffffffffffffffff16815260200190815260200160002060008282546123289190613cf5565b92505081905550816003600083815260200190815260200160002060006101000a81548173ffffffffffffffffffffffffffffffffffffffff021916908373ffffffffffffffffffffffffffffffffffffffff160217905550808273ffffffffffffffffffffffffffffffffffffffff16600073ffffffffffffffffffffffffffffffffffffffff167fddf252ad1be2c89b69c2b068fc378daa952ba7f163c4a11628f55a4df523b3ef60405160405180910390a46123e960008383612566565b5050565b6123f56114b7565b61240083838361257d565b600061240a6107da565b73ffffffffffffffffffffffffffffffffffffffff1663dc48b34f30846040518363ffffffff1660e01b8152600401612444929190613502565b602060405180830381865afa158015612461573d6000803e3d6000fd5b505050506040513d601f19601f820116820180604052508101906124859190613540565b90503073ffffffffffffffffffffffffffffffffffffffff168373ffffffffffffffffffffffffffffffffffffffff16141580156124ef57508073ffffffffffffffffffffffffffffffffffffffff168373ffffffffffffffffffffffffffffffffffffffff1614155b8015612529575061dead73ffffffffffffffffffffffffffffffffffffffff168373ffffffffffffffffffffffffffffffffffffffff1614155b15612560576040517ff7e6817a00000000000000000000000000000000000000000000000000000000815260040160405180910390fd5b50505050565b505050565b600061257682612635565b9050919050565b61dead73ffffffffffffffffffffffffffffffffffffffff168273ffffffffffffffffffffffffffffffffffffffff161480156125ee57503073ffffffffffffffffffffffffffffffffffffffff166125d582610b0d565b73ffffffffffffffffffffffffffffffffffffffff1614155b15612625576040517fd5475a0b00000000000000000000000000000000000000000000000000000000815260040160405180910390fd5b612630838383612647565b505050565b60006126408261265f565b9050919050565b61264f6114b7565b61265a8383836126d9565b505050565b60007f7965db0b000000000000000000000000000000000000000000000000000000007bffffffffffffffffffffffffffffffffffffffffffffffffffffffff1916827bffffffffffffffffffffffffffffffffffffffffffffffffffffffff191614806126d257506126d1826126de565b5b9050919050565b505050565b60007f95a63a27000000000000000000000000000000000000000000000000000000007bffffffffffffffffffffffffffffffffffffffffffffffffffffffff1916827bffffffffffffffffffffffffffffffffffffffffffffffffffffffff19161480612751575061275082612758565b5b9050919050565b60007fb8950977000000000000000000000000000000000000000000000000000000007bffffffffffffffffffffffffffffffffffffffffffffffffffffffff1916827bffffffffffffffffffffffffffffffffffffffffffffffffffffffff1916148061282357507f5b5e139f000000000000000000000000000000000000000000000000000000007bffffffffffffffffffffffffffffffffffffffffffffffffffffffff1916827bffffffffffffffffffffffffffffffffffffffffffffffffffffffff1916145b8061283357506128328261283a565b5b9050919050565b60007f01ffc9a7000000000000000000000000000000000000000000000000000000007bffffffffffffffffffffffffffffffffffffffffffffffffffffffff1916827bffffffffffffffffffffffffffffffffffffffffffffffffffffffff1916149050919050565b6000604051905090565b600080fd5b600080fd5b60007fffffffff0000000000000000000000000000000000000000000000000000000082169050919050565b6128ed816128b8565b81146128f857600080fd5b50565b60008135905061290a816128e4565b92915050565b600060208284031215612926576129256128ae565b5b6000612934848285016128fb565b91505092915050565b60008115159050919050565b6129528161293d565b82525050565b600060208201905061296d6000830184612949565b92915050565b600081519050919050565b600082825260208201905092915050565b60005b838110156129ad578082015181840152602081019050612992565b60008484015250505050565b6000601f19601f8301169050919050565b60006129d582612973565b6129df818561297e565b93506129ef81856020860161298f565b6129f8816129b9565b840191505092915050565b60006020820190508181036000830152612a1d81846129ca565b905092915050565b6000819050919050565b612a3881612a25565b82525050565b6000602082019050612a536000830184612a2f565b92915050565b600080fd5b600080fd5b600080fd5b60008083601f840112612a7e57612a7d612a59565b5b8235905067ffffffffffffffff811115612a9b57612a9a612a5e565b5b602083019150836001820283011115612ab757612ab6612a63565b5b9250929050565b60008060208385031215612ad557612ad46128ae565b5b600083013567ffffffffffffffff811115612af357612af26128b3565b5b612aff85828601612a68565b92509250509250929050565b600073ffffffffffffffffffffffffffffffffffffffff82169050919050565b6000612b3682612b0b565b9050919050565b612b4681612b2b565b8114612b5157600080fd5b50565b600081359050612b6381612b3d565b92915050565b6000819050919050565b612b7c81612b69565b8114612b8757600080fd5b50565b600081359050612b9981612b73565b92915050565b600080fd5b7f4e487b7100000000000000000000000000000000000000000000000000000000600052604160045260246000fd5b612bdc826129b9565b810181811067ffffffffffffffff82111715612bfb57612bfa612ba4565b5b80604052505050565b6000612c0e6128a4565b9050612c1a8282612bd3565b919050565b600067ffffffffffffffff821115612c3a57612c39612ba4565b5b612c43826129b9565b9050602081019050919050565b82818337600083830152505050565b6000612c72612c6d84612c1f565b612c04565b905082815260208101848484011115612c8e57612c8d612b9f565b5b612c99848285612c50565b509392505050565b600082601f830112612cb657612cb5612a59565b5b8135612cc6848260208601612c5f565b91505092915050565b60008060008060808587031215612ce957612ce86128ae565b5b6000612cf787828801612b54565b9450506020612d0887828801612b54565b9350506040612d1987828801612b8a565b925050606085013567ffffffffffffffff811115612d3a57612d396128b3565b5b612d4687828801612ca1565b91505092959194509250565b612d5b816128b8565b82525050565b6000602082019050612d766000830184612d52565b92915050565b612d8581612a25565b8114612d9057600080fd5b50565b600081359050612da281612d7c565b92915050565b60008060408385031215612dbf57612dbe6128ae565b5b6000612dcd85828601612d93565b9250506020612dde85828601612d93565b9150509250929050565b600060208284031215612dfe57612dfd6128ae565b5b6000612e0c84828501612d93565b91505092915050565b60008060408385031215612e2c57612e2b6128ae565b5b6000612e3a85828601612d93565b9250506020612e4b85828601612b54565b9150509250929050565b6000819050919050565b6000612e7a612e75612e7084612b0b565b612e55565b612b0b565b9050919050565b6000612e8c82612e5f565b9050919050565b6000612e9e82612e81565b9050919050565b612eae81612e93565b82525050565b6000602082019050612ec96000830184612ea5565b92915050565b600067ffffffffffffffff821115612eea57612ee9612ba4565b5b612ef3826129b9565b9050602081019050919050565b6000612f13612f0e84612ecf565b612c04565b905082815260208101848484011115612f2f57612f2e612b9f565b5b612f3a848285612c50565b509392505050565b600082601f830112612f5757612f56612a59565b5b8135612f67848260208601612f00565b91505092915050565b600060208284031215612f8657612f856128ae565b5b600082013567ffffffffffffffff811115612fa457612fa36128b3565b5b612fb084828501612f42565b91505092915050565b600080600060408486031215612fd257612fd16128ae565b5b6000612fe086828701612b8a565b935050602084013567ffffffffffffffff811115613001576130006128b3565b5b61300d86828701612a68565b92509250509250925092565b61302281612b2b565b82525050565b600060208201905061303d6000830184613019565b92915050565b60008060008060006080868803121561305f5761305e6128ae565b5b600061306d88828901612b54565b955050602061307e88828901612b54565b945050604061308f88828901612b8a565b935050606086013567ffffffffffffffff8111156130b0576130af6128b3565b5b6130bc88828901612a68565b92509250509295509295909350565b6000602082840312156130e1576130e06128ae565b5b60006130ef84828501612b8a565b91505092915050565b60006020828403121561310e5761310d6128ae565b5b600061311c84828501612b54565b91505092915050565b61312e81612b69565b82525050565b60006020820190506131496000830184613125565b92915050565b600081519050919050565b600082825260208201905092915050565b60006131768261314f565b613180818561315a565b935061319081856020860161298f565b613199816129b9565b840191505092915050565b600060208201905081810360008301526131be818461316b565b905092915050565b7f4e487b7100000000000000000000000000000000000000000000000000000000600052602260045260246000fd5b6000600282049050600182168061320d57607f821691505b6020821081036132205761321f6131c6565b5b50919050565b600082905092915050565b60008190508160005260206000209050919050565b60006020601f8301049050919050565b600082821b905092915050565b6000600883026132937fffffffffffffffffffffffffffffffffffffffffffffffffffffffffffffffff82613256565b61329d8683613256565b95508019841693508086168417925050509392505050565b60006132d06132cb6132c684612b69565b612e55565b612b69565b9050919050565b6000819050919050565b6132ea836132b5565b6132fe6132f6826132d7565b848454613263565b825550505050565b600090565b613313613306565b61331e8184846132e1565b505050565b5b818110156133425761333760008261330b565b600181019050613324565b5050565b601f8211156133875761335881613231565b61336184613246565b81016020851015613370578190505b61338461337c85613246565b830182613323565b50505b505050565b600082821c905092915050565b60006133aa6000198460080261338c565b1980831691505092915050565b60006133c38383613399565b9150826002028217905092915050565b6133dd8383613226565b67ffffffffffffffff8111156133f6576133f5612ba4565b5b61340082546131f5565b61340b828285613346565b6000601f83116001811461343a5760008415613428578287013590505b61343285826133b7565b86555061349a565b601f19841661344886613231565b60005b828110156134705784890135825560018201915060208501945060208101905061344b565b8683101561348d5784890135613489601f891682613399565b8355505b6001600288020188555050505b50505050505050565b60006134af838561315a565b93506134bc838584612c50565b6134c5836129b9565b840190509392505050565b60006040820190506134e56000830186613019565b81810360208301526134f88184866134a3565b9050949350505050565b60006040820190506135176000830185613019565b6135246020830184613125565b9392505050565b60008151905061353a81612b3d565b92915050565b600060208284031215613556576135556128ae565b5b60006135648482850161352b565b91505092915050565b7f4552433732313a206f776e657220717565727920666f72206e6f6e657869737460008201527f656e7420746f6b656e0000000000000000000000000000000000000000000000602082015250565b60006135c960298361297e565b91506135d48261356d565b604082019050919050565b600060208201905081810360008301526135f8816135bc565b9050919050565b7f4552433732313a2062616c616e636520717565727920666f7220746865207a6560008201527f726f206164647265737300000000000000000000000000000000000000000000602082015250565b600061365b602a8361297e565b9150613666826135ff565b604082019050919050565b6000602082019050818103600083015261368a8161364e565b9050919050565b7f4552433732313a207472616e736665722063616c6c6572206973206e6f74206f60008201527f776e6572206e6f7220617070726f766564000000000000000000000000000000602082015250565b60006136ed60318361297e565b91506136f882613691565b604082019050919050565b6000602082019050818103600083015261371c816136e0565b9050919050565b7f4552433732314d657461646174613a2055524920717565727920666f72206e6f60008201527f6e6578697374656e7420746f6b656e0000000000000000000000000000000000602082015250565b600061377f602f8361297e565b915061378a82613723565b604082019050919050565b600060208201905081810360008301526137ae81613772565b9050919050565b600081905092915050565b60006137cb82612973565b6137d581856137b5565b93506137e581856020860161298f565b80840191505092915050565b60006137fd82856137c0565b915061380982846137c0565b91508190509392505050565b60008190508160005260206000209050919050565b601f82111561386b5761383c81613815565b61384584613246565b81016020851015613854578190505b61386861386085613246565b830182613323565b50505b505050565b61387982612973565b67ffffffffffffffff81111561389257613891612ba4565b5b61389c82546131f5565b6138a782828561382a565b600060209050601f8311600181146138da57600084156138c8578287015190505b6138d285826133b7565b86555061393a565b601f1984166138e886613815565b60005b82811015613910578489015182556001820191506020850194506020810190506138eb565b8683101561392d5784890151613929601f891682613399565b8355505b6001600288020188555050505b505050505050565b60006080820190506139576000830187613019565b6139646020830186613019565b6139716040830185613125565b8181036060830152613983818461316b565b905095945050505050565b60006060820190506139a36000830187613019565b6139b06020830186613019565b81810360408301526139c38184866134a3565b905095945050505050565b7f4552433732313a206f70657261746f7220717565727920666f72206e6f6e657860008201527f697374656e7420746f6b656e0000000000000000000000000000000000000000602082015250565b6000613a2a602c8361297e565b9150613a35826139ce565b604082019050919050565b60006020820190508181036000830152613a5981613a1d565b9050919050565b7f4552433732313a207472616e7366657220746f206e6f6e20455243373231526560008201527f63656976657220696d706c656d656e7465720000000000000000000000000000602082015250565b6000613abc60328361297e565b9150613ac782613a60565b604082019050919050565b60006020820190508181036000830152613aeb81613aaf565b9050919050565b7f4e487b7100000000000000000000000000000000000000000000000000000000600052601260045260246000fd5b60006020820190508181036000830152613b3c8184866134a3565b90509392505050565b6000604082019050613b5a6000830185613019565b613b676020830184612a2f565b9392505050565b7f4552433732313a207472616e736665722066726f6d20696e636f72726563742060008201527f6f776e6572000000000000000000000000000000000000000000000000000000602082015250565b6000613bca60258361297e565b9150613bd582613b6e565b604082019050919050565b60006020820190508181036000830152613bf981613bbd565b9050919050565b7f4552433732313a207472616e7366657220746f20746865207a65726f2061646460008201527f7265737300000000000000000000000000000000000000000000000000000000602082015250565b6000613c5c60248361297e565b9150613c6782613c00565b604082019050919050565b60006020820190508181036000830152613c8b81613c4f565b9050919050565b7f4e487b7100000000000000000000000000000000000000000000000000000000600052601160045260246000fd5b6000613ccc82612b69565b9150613cd783612b69565b9250828203905081811115613cef57613cee613c92565b5b92915050565b6000613d0082612b69565b9150613d0b83612b69565b9250828201905080821115613d2357613d22613c92565b5b92915050565b600081519050613d38816128e4565b92915050565b600060208284031215613d5457613d536128ae565b5b6000613d6284828501613d29565b91505092915050565b7f4552433732313a206d696e7420746f20746865207a65726f2061646472657373600082015250565b6000613da160208361297e565b9150613dac82613d6b565b602082019050919050565b60006020820190508181036000830152613dd081613d94565b9050919050565b7f4552433732313a20746f6b656e20616c7265616479206d696e74656400000000600082015250565b6000613e0d601c8361297e565b9150613e1882613dd7565b602082019050919050565b60006020820190508181036000830152613e3c81613e00565b905091905056fea2646970667358221220accd0ddd3aed72412eebbcc6b3dae266d8df19ea7474c7a38bb81f6f58bbc61c64736f6c63430008160033000000000000000000000000000000000000000000000000000000000000006000000000000000000000000000000000000000000000000000000000000000a00000000000000000000000005231d86a95a71a9f0b187cea94aa7a0c7af66544000000000000000000000000000000000000000000000000000000000000001554657374205472616465547275737420546f6b656e000000000000000000000000000000000000000000000000000000000000000000000000000000000000035454540000000000000000000000000000000000000000000000000000000000c080a019b7f3d5afdb354efb746b6310ff3903c281d727c3dfaefc9da610c4ae4385f6a01e3d384436a9505b598090f9b7926c4bfd663bfd9f862bc5eea8b081beb7c369", info={ "error": { "code": -32000, "data": { "data": null, "message": "Nonce too low. Expected nonce to be 1 but got 0. Note that transactions can't be queued when automining." }, "message": "Nonce too low. Expected nonce to be 1 but got 0. Note that transactions can't be queued when automining." } }, code=NONCE_EXPIRED, version=6.14.4)
      at makeError (node_modules/ethersV6/src.ts/utils/errors.ts:698:21)
      at JsonRpcProvider.getRpcError (node_modules/ethersV6/src.ts/providers/provider-jsonrpc.ts:1058:33)
      at /Users/zineiq/Desktop/SGT/trustvc/node_modules/ethersV6/src.ts/providers/provider-jsonrpc.ts:571:45
      at processTicksAndRejections (node:internal/process/task_queues:95:5)



